2026-09-30T15:51:43Z INF Thank you for trying Cloudflare Tunnel. Doing so, without a Cloudflare account, is a quick way to experiment and try it out. However, be aware that these account-less Tunnels have no uptime guarantee, are subject to the Cloudflare Online Services Terms of Use (https://www.cloudflare.com/website-terms/), and Cloudflare reserves the right to investigate your use of Tunnels for violations of such terms. If you intend to use Tunnels in production you should use a pre-created named tunnel by following: https://developers.cloudflare.com/cloudflare-one/connections/connect-apps
2026-09-30T15:51:43Z INF Requesting new quick Tunnel on trycloudflare.com...
2026-09-30T15:51:53Z INF +--------------------------------------------------------------------------------------------+
2026-09-30T15:51:53Z INF |  Your quick Tunnel has been created! Visit it at (it may take some time to be reachable):  |
2026-09-30T15:51:53Z INF |  https://studios-capabilities-local-starter.trycloudflare.com                              |
2026-09-30T15:51:53Z INF +--------------------------------------------------------------------------------------------+
2026-09-30T15:51:53Z INF Cannot determine default configuration path. No file [config.yml config.yaml] in [~/.cloudflared ~/.cloudflare-warp ~/cloudflare-warp]
2026-09-30T15:51:53Z INF Version 2026.8.2 (Checksum c29eee2b121f5436a642eed69fd9767da7e7b8c510fa50aaa130337f931357b5)
2026-09-30T15:51:53Z INF GOOS: windows, GOVersion: go1.26.4, GoArch: amd64
2026-09-30T15:51:53Z INF Settings: map[ha-connections:1 protocol:quic url:http://localhost:3000]
2026-09-30T15:51:53Z INF cloudflared will not automatically update on Windows systems.
2026-09-30T15:51:55Z INF Generated Connector ID: 363599b5-0841-41e3-9b33-9e7ed0d996dc
2026-09-30T15:51:55Z INF Initial protocol quic
2026-09-30T15:51:55Z INF ICMP proxy will use 192.168.88.172 as source for IPv4
2026-09-30T15:51:55Z INF ICMP proxy will use fe80::fe2e:8ef1:4044:2129 in zone Ethernet as source for IPv6
2026-09-30T15:51:55Z INF cloudflared does not support loading the system root certificate pool on Windows. Please use --origin-ca-pool <PATH> to specify the path to the certificate pool
2026-09-30T15:51:55Z INF ICMP proxy will use 192.168.88.172 as source for IPv4
2026-09-30T15:51:55Z INF Tunnel connection curve preferences: [X25519MLKEM768 CurveID(65074) CurveP256] connIndex=0 event=0 ip=198.41.200.13
2026-09-30T15:51:55Z INF ICMP proxy will use fe80::fe2e:8ef1:4044:2129 in zone Ethernet as source for IPv6
2026-09-30T15:51:55Z INF Starting metrics server on 127.0.0.1:20243/metrics
2026-09-30T15:51:55Z INF +-------------------------------------------------------------------------------------+
2026-09-30T15:51:55Z INF |                               CONNECTIVITY PRE-CHECKS                               |
2026-09-30T15:51:55Z INF +-------------------------------------------------------------------------------------+
2026-09-30T15:51:55Z INF |  COMPONENT         TARGET                     STATUS  DETAILS                       |
2026-09-30T15:51:55Z INF |  DNS Resolution    region1.v2.argotunnel.com  PASS    DNS Resolved successfully     |
2026-09-30T15:51:55Z INF |  DNS Resolution    region2.v2.argotunnel.com  PASS    DNS Resolved successfully     |
2026-09-30T15:51:55Z INF |  UDP Connectivity  region1.v2.argotunnel.com  PASS    QUIC connection successful    |
2026-09-30T15:51:55Z INF |  UDP Connectivity  region2.v2.argotunnel.com  PASS    QUIC connection successful    |
2026-09-30T15:51:55Z INF |  TCP Connectivity  region1.v2.argotunnel.com  PASS    HTTP/2 connection successful  |
2026-09-30T15:51:55Z INF |  TCP Connectivity  region2.v2.argotunnel.com  PASS    HTTP/2 connection successful  |
2026-09-30T15:51:55Z INF |  Cloudflare API    api.cloudflare.com:443     PASS    API is reachable              |
2026-09-30T15:51:55Z INF |                                                                                     |
2026-09-30T15:51:55Z INF |  SUMMARY: Environment is healthy. cloudflared will use 'quic' as primary protocol.  |
2026-09-30T15:51:55Z INF +-------------------------------------------------------------------------------------+
2026-09-30T15:51:55Z INF precheck component="DNS Resolution" details="DNS Resolved successfully" run_id=a781f35a-7236-4cee-b14e-b7b1537575bd status=pass target=region1.v2.argotunnel.com
2026-09-30T15:51:55Z INF precheck component="DNS Resolution" details="DNS Resolved successfully" run_id=a781f35a-7236-4cee-b14e-b7b1537575bd status=pass target=region2.v2.argotunnel.com
2026-09-30T15:51:55Z INF precheck component="UDP Connectivity" details="QUIC connection successful" run_id=a781f35a-7236-4cee-b14e-b7b1537575bd status=pass target=region1.v2.argotunnel.com
2026-09-30T15:51:55Z INF precheck component="UDP Connectivity" details="QUIC connection successful" run_id=a781f35a-7236-4cee-b14e-b7b1537575bd status=pass target=region2.v2.argotunnel.com
2026-09-30T15:51:55Z INF precheck component="TCP Connectivity" details="HTTP/2 connection successful" run_id=a781f35a-7236-4cee-b14e-b7b1537575bd status=pass target=region1.v2.argotunnel.com
2026-09-30T15:51:55Z INF precheck component="TCP Connectivity" details="HTTP/2 connection successful" run_id=a781f35a-7236-4cee-b14e-b7b1537575bd status=pass target=region2.v2.argotunnel.com
2026-09-30T15:51:55Z INF precheck component="Cloudflare API" details="API is reachable" run_id=a781f35a-7236-4cee-b14e-b7b1537575bd status=pass target=api.cloudflare.com:443
2026-09-30T15:51:55Z INF precheck complete hard_fail=false run_id=a781f35a-7236-4cee-b14e-b7b1537575bd suggested_protocol=quic
2026-09-30T15:51:56Z INF Registered tunnel connection connIndex=0 connection=cd1ebf86-42e3-4847-ab3e-74eec0c528b6 event=0 ip=198.41.200.13 location=gru08 protocol=quic
